###############################################################################
#
# IAR ELF Linker V7.50.3.10732/W32 for ARM                04/Jul/2016  01:25:17
# Copyright 2007-2016 IAR Systems AB.
#
#    Output file  =  
#        C:\Projects\IAR\usb_gen_v2_stm32\EWARM\usb_gen_v2_stm32\Exe\usb_gen_v2_stm32.out.tmp
#    Map file     =  
#        C:\Projects\IAR\usb_gen_v2_stm32\EWARM\usb_gen_v2_stm32\List\usb_gen_v2_stm32.map
#    Command line =  
#        C:\Projects\IAR\usb_gen_v2_stm32\EWARM\usb_gen_v2_stm32\Obj\HMC625.o
#        C:\Projects\IAR\usb_gen_v2_stm32\EWARM\usb_gen_v2_stm32\Obj\HMC83x.o
#        C:\Projects\IAR\usb_gen_v2_stm32\EWARM\usb_gen_v2_stm32\Obj\Init.o
#        C:\Projects\IAR\usb_gen_v2_stm32\EWARM\usb_gen_v2_stm32\Obj\main.o
#        C:\Projects\IAR\usb_gen_v2_stm32\EWARM\usb_gen_v2_stm32\Obj\startup_stm32f103xb.o
#        C:\Projects\IAR\usb_gen_v2_stm32\EWARM\usb_gen_v2_stm32\Obj\stm32f1xx_hal.o
#        C:\Projects\IAR\usb_gen_v2_stm32\EWARM\usb_gen_v2_stm32\Obj\stm32f1xx_hal_adc.o
#        C:\Projects\IAR\usb_gen_v2_stm32\EWARM\usb_gen_v2_stm32\Obj\stm32f1xx_hal_adc_ex.o
#        C:\Projects\IAR\usb_gen_v2_stm32\EWARM\usb_gen_v2_stm32\Obj\stm32f1xx_hal_can.o
#        C:\Projects\IAR\usb_gen_v2_stm32\EWARM\usb_gen_v2_stm32\Obj\stm32f1xx_hal_cec.o
#        C:\Projects\IAR\usb_gen_v2_stm32\EWARM\usb_gen_v2_stm32\Obj\stm32f1xx_hal_cortex.o
#        C:\Projects\IAR\usb_gen_v2_stm32\EWARM\usb_gen_v2_stm32\Obj\stm32f1xx_hal_crc.o
#        C:\Projects\IAR\usb_gen_v2_stm32\EWARM\usb_gen_v2_stm32\Obj\stm32f1xx_hal_dac.o
#        C:\Projects\IAR\usb_gen_v2_stm32\EWARM\usb_gen_v2_stm32\Obj\stm32f1xx_hal_dac_ex.o
#        C:\Projects\IAR\usb_gen_v2_stm32\EWARM\usb_gen_v2_stm32\Obj\stm32f1xx_hal_dma.o
#        C:\Projects\IAR\usb_gen_v2_stm32\EWARM\usb_gen_v2_stm32\Obj\stm32f1xx_hal_eth.o
#        C:\Projects\IAR\usb_gen_v2_stm32\EWARM\usb_gen_v2_stm32\Obj\stm32f1xx_hal_flash.o
#        C:\Projects\IAR\usb_gen_v2_stm32\EWARM\usb_gen_v2_stm32\Obj\stm32f1xx_hal_flash_ex.o
#        C:\Projects\IAR\usb_gen_v2_stm32\EWARM\usb_gen_v2_stm32\Obj\stm32f1xx_hal_gpio.o
#        C:\Projects\IAR\usb_gen_v2_stm32\EWARM\usb_gen_v2_stm32\Obj\stm32f1xx_hal_gpio_ex.o
#        C:\Projects\IAR\usb_gen_v2_stm32\EWARM\usb_gen_v2_stm32\Obj\stm32f1xx_hal_hcd.o
#        C:\Projects\IAR\usb_gen_v2_stm32\EWARM\usb_gen_v2_stm32\Obj\stm32f1xx_hal_i2c.o
#        C:\Projects\IAR\usb_gen_v2_stm32\EWARM\usb_gen_v2_stm32\Obj\stm32f1xx_hal_i2s.o
#        C:\Projects\IAR\usb_gen_v2_stm32\EWARM\usb_gen_v2_stm32\Obj\stm32f1xx_hal_irda.o
#        C:\Projects\IAR\usb_gen_v2_stm32\EWARM\usb_gen_v2_stm32\Obj\stm32f1xx_hal_iwdg.o
#        C:\Projects\IAR\usb_gen_v2_stm32\EWARM\usb_gen_v2_stm32\Obj\stm32f1xx_hal_msp.o
#        C:\Projects\IAR\usb_gen_v2_stm32\EWARM\usb_gen_v2_stm32\Obj\stm32f1xx_hal_nand.o
#        C:\Projects\IAR\usb_gen_v2_stm32\EWARM\usb_gen_v2_stm32\Obj\stm32f1xx_hal_nor.o
#        C:\Projects\IAR\usb_gen_v2_stm32\EWARM\usb_gen_v2_stm32\Obj\stm32f1xx_hal_pccard.o
#        C:\Projects\IAR\usb_gen_v2_stm32\EWARM\usb_gen_v2_stm32\Obj\stm32f1xx_hal_pcd.o
#        C:\Projects\IAR\usb_gen_v2_stm32\EWARM\usb_gen_v2_stm32\Obj\stm32f1xx_hal_pcd_ex.o
#        C:\Projects\IAR\usb_gen_v2_stm32\EWARM\usb_gen_v2_stm32\Obj\stm32f1xx_hal_pwr.o
#        C:\Projects\IAR\usb_gen_v2_stm32\EWARM\usb_gen_v2_stm32\Obj\stm32f1xx_hal_rcc.o
#        C:\Projects\IAR\usb_gen_v2_stm32\EWARM\usb_gen_v2_stm32\Obj\stm32f1xx_hal_rcc_ex.o
#        C:\Projects\IAR\usb_gen_v2_stm32\EWARM\usb_gen_v2_stm32\Obj\stm32f1xx_hal_rtc.o
#        C:\Projects\IAR\usb_gen_v2_stm32\EWARM\usb_gen_v2_stm32\Obj\stm32f1xx_hal_rtc_ex.o
#        C:\Projects\IAR\usb_gen_v2_stm32\EWARM\usb_gen_v2_stm32\Obj\stm32f1xx_hal_sd.o
#        C:\Projects\IAR\usb_gen_v2_stm32\EWARM\usb_gen_v2_stm32\Obj\stm32f1xx_hal_smartcard.o
#        C:\Projects\IAR\usb_gen_v2_stm32\EWARM\usb_gen_v2_stm32\Obj\stm32f1xx_hal_spi.o
#        C:\Projects\IAR\usb_gen_v2_stm32\EWARM\usb_gen_v2_stm32\Obj\stm32f1xx_hal_spi_ex.o
#        C:\Projects\IAR\usb_gen_v2_stm32\EWARM\usb_gen_v2_stm32\Obj\stm32f1xx_hal_sram.o
#        C:\Projects\IAR\usb_gen_v2_stm32\EWARM\usb_gen_v2_stm32\Obj\stm32f1xx_hal_tim.o
#        C:\Projects\IAR\usb_gen_v2_stm32\EWARM\usb_gen_v2_stm32\Obj\stm32f1xx_hal_tim_ex.o
#        C:\Projects\IAR\usb_gen_v2_stm32\EWARM\usb_gen_v2_stm32\Obj\stm32f1xx_hal_uart.o
#        C:\Projects\IAR\usb_gen_v2_stm32\EWARM\usb_gen_v2_stm32\Obj\stm32f1xx_hal_usart.o
#        C:\Projects\IAR\usb_gen_v2_stm32\EWARM\usb_gen_v2_stm32\Obj\stm32f1xx_hal_wwdg.o
#        C:\Projects\IAR\usb_gen_v2_stm32\EWARM\usb_gen_v2_stm32\Obj\stm32f1xx_it.o
#        C:\Projects\IAR\usb_gen_v2_stm32\EWARM\usb_gen_v2_stm32\Obj\stm32f1xx_ll_fsmc.o
#        C:\Projects\IAR\usb_gen_v2_stm32\EWARM\usb_gen_v2_stm32\Obj\stm32f1xx_ll_sdmmc.o
#        C:\Projects\IAR\usb_gen_v2_stm32\EWARM\usb_gen_v2_stm32\Obj\stm32f1xx_ll_usb.o
#        C:\Projects\IAR\usb_gen_v2_stm32\EWARM\usb_gen_v2_stm32\Obj\system_stm32f1xx.o
#        C:\Projects\IAR\usb_gen_v2_stm32\EWARM\usb_gen_v2_stm32\Obj\usb_device.o
#        C:\Projects\IAR\usb_gen_v2_stm32\EWARM\usb_gen_v2_stm32\Obj\usbd_conf.o
#        C:\Projects\IAR\usb_gen_v2_stm32\EWARM\usb_gen_v2_stm32\Obj\usbd_core.o
#        C:\Projects\IAR\usb_gen_v2_stm32\EWARM\usb_gen_v2_stm32\Obj\usbd_ctlreq.o
#        C:\Projects\IAR\usb_gen_v2_stm32\EWARM\usb_gen_v2_stm32\Obj\usbd_custom_hid_if.o
#        C:\Projects\IAR\usb_gen_v2_stm32\EWARM\usb_gen_v2_stm32\Obj\usbd_customhid.o
#        C:\Projects\IAR\usb_gen_v2_stm32\EWARM\usb_gen_v2_stm32\Obj\usbd_desc.o
#        C:\Projects\IAR\usb_gen_v2_stm32\EWARM\usb_gen_v2_stm32\Obj\usbd_ioreq.o
#        --redirect _Printf=_PrintfFull --redirect _Scanf=_ScanfFull -o
#        C:\Projects\IAR\usb_gen_v2_stm32\EWARM\usb_gen_v2_stm32\Exe\usb_gen_v2_stm32.out.tmp
#        --map
#        C:\Projects\IAR\usb_gen_v2_stm32\EWARM\usb_gen_v2_stm32\List\usb_gen_v2_stm32.map
#        --config
#        C:\Projects\IAR\usb_gen_v2_stm32\EWARM\usb_gen_v2_stm32_my.icf
#        --semihosting --entry __iar_program_start --place_holder
#        __checksum,4,.checksum,4 --define_symbol __checksum_begin=0x8006000
#        --define_symbol __checksum_end=0x800fbfc --vfe
#
###############################################################################

*******************************************************************************
*** RUNTIME MODEL ATTRIBUTES
***

CppFlavor       = *
__SystemLibrary = DLib


*******************************************************************************
*** PLACEMENT SUMMARY
***

"A1":  place at 0x08006000 { ro section .intvec };
"P1":  place in [from 0x08006000 to 0x0800fbff] { ro };
"P2":  place in [from 0x20000000 to 0x20004fff] { rw, block CSTACK, block HEAP };
"A2":  place at end of [0x08006000-0x0800fbff] { ro section .checksum };

  Section            Kind        Address    Size  Object
  -------            ----        -------    ----  ------
"A1":                                       0xec
  .intvec            ro code  0x08006000    0xec  startup_stm32f103xb.o [1]
                            - 0x080060ec    0xec

"P1":                                     0x5a33
  .text              ro code  0x080060ec   0x9f0  stm32f1xx_hal_rcc.o [1]
  .text              ro code  0x08006adc    0x7c  stm32f1xx_hal.o [1]
  .text              ro code  0x08006b58    0x76  ABImemcpy_unaligned.o [5]
  .text              ro code  0x08006bce    0x76  lz77_init_single.o [5]
  .text              ro code  0x08006c44   0x14e  stm32f1xx_hal_cortex.o [1]
  .rodata            const    0x08006d92     0x2  stm32f1xx_hal_rcc.o [1]
  .text              ro code  0x08006d94   0x140  stm32f1xx_hal_msp.o [1]
  .text              ro code  0x08006ed4   0x20c  stm32f1xx_hal_gpio.o [1]
  .text              ro code  0x080070e0   0x9b0  stm32f1xx_ll_usb.o [1]
  .text              ro code  0x08007a90   0x8e2  stm32f1xx_hal_pcd.o [1]
  .rodata            const    0x08008372     0x2  stm32f1xx_hal_rcc_ex.o [1]
  .text              ro code  0x08008374   0x238  usbd_conf.o [1]
  .text              ro code  0x080085ac   0x2dc  usbd_core.o [1]
  .text              ro code  0x08008888   0x18e  main.o [1]
  .text              ro code  0x08008a16    0x42  stm32f1xx_hal_pcd_ex.o [1]
  .text              ro code  0x08008a58   0x5e4  usbd_ctlreq.o [1]
  .text              ro code  0x0800903c    0x94  usbd_ioreq.o [1]
  .text              ro code  0x080090d0   0x348  Init.o [1]
  .text              ro code  0x08009418    0x4c  HMC625.o [1]
  .text              ro code  0x08009464   0x4c4  HMC83x.o [1]
  .text              ro code  0x08009928   0x1c0  stm32f1xx_hal_flash.o [1]
  .text              ro code  0x08009ae8   0x108  stm32f1xx_hal_flash_ex.o [1]
  .text              ro code  0x08009bf0    0x46  FltToU64.o [4]
  .text              ro code  0x08009c38    0x32  I32ToFlt.o [4]
  .text              ro code  0x08009c6c    0x24  FltCmpLe.o [4]
  .text              ro code  0x08009c90    0x24  FltCmpGe.o [4]
  .text              ro code  0x08009cb4    0x34  usb_device.o [1]
  .text              ro code  0x08009ce8    0x94  stm32f1xx_hal_iwdg.o [1]
  .text              ro code  0x08009d7c   0x254  stm32f1xx_hal_rcc_ex.o [1]
  .text              ro code  0x08009fd0    0x94  stm32f1xx_hal_spi_ex.o [1]
  .text              ro code  0x0800a064   0x240  stm32f1xx_hal_tim.o [1]
  .text              ro code  0x0800a2a4   0x190  stm32f1xx_hal_rtc.o [1]
  .text              ro code  0x0800a434    0x18  stm32f1xx_hal_pwr.o [1]
  .text              ro code  0x0800a44c   0x844  stm32f1xx_hal_spi.o [1]
  .text              ro code  0x0800ac90    0xd8  FltMul.o [4]
  .text              ro code  0x0800ad68    0xfc  FltDiv.o [4]
  .text              ro code  0x0800ae64    0x44  FltToS32.o [4]
  .text              ro code  0x0800aea8    0xe6  FltSub.o [4]
  .text              ro code  0x0800af90    0x4e  FltToDbl.o [4]
  .text              ro code  0x0800afe0    0xe8  DblAdd.o [4]
  .text              ro code  0x0800b0c8    0x4c  DblToI32.o [4]
  .text              ro code  0x0800b114    0x1e  U64Shr.o [5]
  .text              ro code  0x0800b134   0x21a  usbd_customhid.o [1]
  .text              ro code  0x0800b350     0x6  stm32f1xx_hal_tim_ex.o [1]
  .text              ro code  0x0800b358    0x74  FltAdd.o [4]
  .text              ro code  0x0800b3cc   0x16c  DblSub.o [4]
  .text              ro code  0x0800b538    0xec  stm32f1xx_it.o [1]
  .text              ro code  0x0800b624    0xd0  usbd_custom_hid_if.o [1]
  .text              ro code  0x0800b6f4    0x14  stm32f1xx_hal_rtc_ex.o [1]
  .text              ro code  0x0800b708    0xc8  usbd_desc.o [1]
  .text              ro code  0x0800b7d0    0x68  system_stm32f1xx.o [1]
  .text              ro code  0x0800b838    0x40  zero_init3.o [5]
  .text              ro code  0x0800b878    0x28  data_init.o [5]
  .iar.init_table    const    0x0800b8a0    0x20  - Linker created -
  .rodata            const    0x0800b8c0    0x20  usbd_desc.o [1]
  .text              ro code  0x0800b8e0    0x1a  cmain.o [5]
  .text              ro code  0x0800b8fa     0x4  low_level_init.o [3]
  .text              ro code  0x0800b8fe     0x4  exit.o [3]
  .text              ro code  0x0800b904     0xa  cexit.o [5]
  .text              ro code  0x0800b910    0x14  exit.o [6]
  .rodata            const    0x0800b924    0x18  usbd_desc.o [1]
  .rodata            const    0x0800b93c    0x14  usbd_desc.o [1]
  .rodata            const    0x0800b950    0x10  stm32f1xx_hal_rcc.o [1]
  .rodata            const    0x0800b960    0x10  stm32f1xx_hal_rcc_ex.o [1]
  .rodata            const    0x0800b970    0x10  system_stm32f1xx.o [1]
  .rodata            const    0x0800b980    0x10  usbd_desc.o [1]
  .text              ro code  0x0800b990    0x10  startup_stm32f103xb.o [1]
  .text              ro code  0x0800b9a0     0xc  cstartup_M.o [5]
  .rodata            const    0x0800b9ac     0x8  system_stm32f1xx.o [1]
  .rodata            const    0x0800b9b4     0x8  usbd_desc.o [1]
  .text              ro code  0x0800b9bc     0x4  startup_stm32f103xb.o [1]
  .text              ro code  0x0800b9c0     0x4  startup_stm32f103xb.o [1]
  .text              ro code  0x0800b9c4     0x4  startup_stm32f103xb.o [1]
  .text              ro code  0x0800b9c8     0x4  startup_stm32f103xb.o [1]
  .text              ro code  0x0800b9cc     0x4  startup_stm32f103xb.o [1]
  .text              ro code  0x0800b9d0     0x4  startup_stm32f103xb.o [1]
  .text              ro code  0x0800b9d4     0x4  startup_stm32f103xb.o [1]
  .text              ro code  0x0800b9d8     0x4  startup_stm32f103xb.o [1]
  .text              ro code  0x0800b9dc     0x4  startup_stm32f103xb.o [1]
  .text              ro code  0x0800b9e0     0x4  startup_stm32f103xb.o [1]
  .text              ro code  0x0800b9e4     0x4  startup_stm32f103xb.o [1]
  .text              ro code  0x0800b9e8     0x4  startup_stm32f103xb.o [1]
  .text              ro code  0x0800b9ec     0x4  startup_stm32f103xb.o [1]
  .text              ro code  0x0800b9f0     0x4  startup_stm32f103xb.o [1]
  .text              ro code  0x0800b9f4     0x4  startup_stm32f103xb.o [1]
  .text              ro code  0x0800b9f8     0x4  startup_stm32f103xb.o [1]
  .text              ro code  0x0800b9fc     0x4  startup_stm32f103xb.o [1]
  .text              ro code  0x0800ba00     0x4  startup_stm32f103xb.o [1]
  .text              ro code  0x0800ba04     0x4  startup_stm32f103xb.o [1]
  .text              ro code  0x0800ba08     0x4  startup_stm32f103xb.o [1]
  .text              ro code  0x0800ba0c     0x4  startup_stm32f103xb.o [1]
  .text              ro code  0x0800ba10     0x4  startup_stm32f103xb.o [1]
  .text              ro code  0x0800ba14     0x4  startup_stm32f103xb.o [1]
  .text              ro code  0x0800ba18     0x4  startup_stm32f103xb.o [1]
  .text              ro code  0x0800ba1c     0x4  startup_stm32f103xb.o [1]
  .text              ro code  0x0800ba20     0x4  startup_stm32f103xb.o [1]
  .text              ro code  0x0800ba24     0x4  startup_stm32f103xb.o [1]
  .text              ro code  0x0800ba28     0x4  startup_stm32f103xb.o [1]
  .text              ro code  0x0800ba2c     0x4  startup_stm32f103xb.o [1]
  .text              ro code  0x0800ba30     0x4  startup_stm32f103xb.o [1]
  .text              ro code  0x0800ba34     0x4  startup_stm32f103xb.o [1]
  .text              ro code  0x0800ba38     0x4  startup_stm32f103xb.o [1]
  .text              ro code  0x0800ba3c     0x4  startup_stm32f103xb.o [1]
  .text              ro code  0x0800ba40     0x4  startup_stm32f103xb.o [1]
  .text              ro code  0x0800ba44     0x4  startup_stm32f103xb.o [1]
  .text              ro code  0x0800ba48     0x4  startup_stm32f103xb.o [1]
  .text              ro code  0x0800ba4c     0x4  startup_stm32f103xb.o [1]
  .text              ro code  0x0800ba50     0x4  startup_stm32f103xb.o [1]
  .text              ro code  0x0800ba54     0x4  startup_stm32f103xb.o [1]
  .rodata            const    0x0800ba58     0x0  zero_init3.o [5]
  .rodata            const    0x0800ba58     0x0  lz77_init_single.o [5]
  Initializer bytes  const    0x0800ba58    0xc7  <for P2-1>
                            - 0x0800bb1f  0x5a33

"A2":                                        0x4
  .checksum          const    0x0800fbfc     0x4  Place holder __checksum
                            - 0x0800fc00     0x4

"P2", part 1 of 3:                          0xfa
  P2-1                        0x20000000    0xfa  <Init block>
    .data            inited   0x20000000     0x4  HMC83x.o [1]
    .data            inited   0x20000004     0x4  HMC83x.o [1]
    .data            inited   0x20000008     0x4  main.o [1]
    .data            inited   0x2000000c     0x4  system_stm32f1xx.o [1]
    .data            inited   0x20000010    0x24  usbd_custom_hid_if.o [1]
    .data            inited   0x20000034    0x10  usbd_custom_hid_if.o [1]
    .data            inited   0x20000044    0x3c  usbd_customhid.o [1]
    .data            inited   0x20000080    0x2c  usbd_customhid.o [1]
    .data            inited   0x200000ac     0xc  usbd_customhid.o [1]
    .data            inited   0x200000b8     0xc  usbd_customhid.o [1]
    .data            inited   0x200000c4    0x1c  usbd_desc.o [1]
    .data            inited   0x200000e0    0x14  usbd_desc.o [1]
    .data            inited   0x200000f4     0x4  usbd_desc.o [1]
    .data            inited   0x200000f8     0x1  main.o [1]
    .data            inited   0x200000f9     0x1  main.o [1]
                            - 0x200000fa    0xfa

"P2", part 2 of 3:                         0x800
  CSTACK                      0x20000100   0x800  <Block>
    CSTACK           uninit   0x20000100   0x800  <Block tail>
                            - 0x20000900   0x800

"P2", part 3 of 3:                         0xa64
  .bss               zero     0x20000900   0x420  usbd_conf.o [1]
  .bss               zero     0x20000d20   0x224  usb_device.o [1]
  .bss               zero     0x20000f44   0x200  usbd_desc.o [1]
  .bss               zero     0x20001144    0x58  Init.o [1]
  .bss               zero     0x2000119c    0x58  Init.o [1]
  .bss               zero     0x200011f4    0x58  usbd_conf.o [1]
  .bss               zero     0x2000124c    0x40  main.o [1]
  .bss               zero     0x2000128c    0x40  usbd_custom_hid_if.o [1]
  .bss               zero     0x200012cc    0x3c  Init.o [1]
  .bss               zero     0x20001308    0x20  stm32f1xx_hal_flash.o [1]
  .bss               zero     0x20001328    0x14  Init.o [1]
  .bss               zero     0x2000133c    0x10  Init.o [1]
  .bss               zero     0x2000134c     0x4  HMC83x.o [1]
  .bss               zero     0x20001350     0x4  Init.o [1]
  .bss               zero     0x20001354     0x4  main.o [1]
  .bss               zero     0x20001358     0x4  main.o [1]
  .bss               zero     0x2000135c     0x4  stm32f1xx_hal.o [1]
  .bss               zero     0x20001360     0x1  stm32f1xx_hal_spi_ex.o [1]
  .bss               zero     0x20001361     0x1  usbd_ctlreq.o [1]
                            - 0x20001362   0xa62


*******************************************************************************
*** INIT TABLE
***

          Address     Size
          -------     ----
Zero (__iar_zero_init3)
    1 destination range, total size 0xa62:
          0x20000900  0xa62

Copy/lz77 (__iar_lz77_init_single3)
    1 source range, total size 0xc7 (79% of destination):
          0x0800ba58   0xc7
    1 destination range, total size 0xfa:
          0x20000000   0xfa



*******************************************************************************
*** MODULE SUMMARY
***

    Module                    ro code  ro data  rw data
    ------                    -------  -------  -------
C:\Projects\IAR\usb_gen_v2_stm32\EWARM\usb_gen_v2_stm32\Obj: [1]
    HMC625.o                       76
    HMC83x.o                    1 220        6       12
    Init.o                        840               276
    main.o                        398        5       78
    startup_stm32f103xb.o         408
    stm32f1xx_hal.o               124                 4
    stm32f1xx_hal_cortex.o        334
    stm32f1xx_hal_flash.o         448                32
    stm32f1xx_hal_flash_ex.o      264
    stm32f1xx_hal_gpio.o          524
    stm32f1xx_hal_iwdg.o          148
    stm32f1xx_hal_msp.o           320
    stm32f1xx_hal_pcd.o         2 274
    stm32f1xx_hal_pcd_ex.o         66
    stm32f1xx_hal_pwr.o            24
    stm32f1xx_hal_rcc.o         2 544       18
    stm32f1xx_hal_rcc_ex.o        596       18
    stm32f1xx_hal_rtc.o           400
    stm32f1xx_hal_rtc_ex.o         20
    stm32f1xx_hal_spi.o         2 116
    stm32f1xx_hal_spi_ex.o        148                 1
    stm32f1xx_hal_tim.o           576
    stm32f1xx_hal_tim_ex.o          6
    stm32f1xx_it.o                236
    stm32f1xx_ll_usb.o          2 480
    system_stm32f1xx.o            104       27        4
    usb_device.o                   52               548
    usbd_conf.o                   568             1 144
    usbd_core.o                   732
    usbd_ctlreq.o               1 508                 1
    usbd_custom_hid_if.o          208       42      116
    usbd_customhid.o              538      102      128
    usbd_desc.o                   200      141      564
    usbd_ioreq.o                  148
    ---------------------------------------------------
    Total:                     20 648      359    2 908

command line: [2]
    ---------------------------------------------------
    Total:

dl7M_tlf.a: [3]
    exit.o                          4
    low_level_init.o                4
    ---------------------------------------------------
    Total:                          8

m7M_tl.a: [4]
    DblAdd.o                      232
    DblSub.o                      364
    DblToI32.o                     76
    FltAdd.o                      116
    FltCmpGe.o                     36
    FltCmpLe.o                     36
    FltDiv.o                      252
    FltMul.o                      216
    FltSub.o                      230
    FltToDbl.o                     78
    FltToS32.o                     68
    FltToU64.o                     70
    I32ToFlt.o                     50
    ---------------------------------------------------
    Total:                      1 824

rt7M_tl.a: [5]
    ABImemcpy_unaligned.o         118
    U64Shr.o                       30
    cexit.o                        10
    cmain.o                        26
    cstartup_M.o                   12
    data_init.o                    40
    lz77_init_single.o            118
    zero_init3.o                   64
    ---------------------------------------------------
    Total:                        418

shb_l.a: [6]
    exit.o                         20
    ---------------------------------------------------
    Total:                         20

    Gaps                           18
    Linker created                          32    2 048
-------------------------------------------------------
    Grand Total:               22 936      395    4 956


*******************************************************************************
*** ENTRY LIST
***

Entry                      Address   Size  Type      Object
-----                      -------   ----  ----      ------
.iar.init_table$$Base   0x0800b8a0          --   Gb  - Linker created -
.iar.init_table$$Limit  0x0800b8c0          --   Gb  - Linker created -
?main                   0x0800b8e1         Code  Gb  cmain.o [5]
AHBPrescTable           0x0800b970   0x10  Data  Gb  system_stm32f1xx.o [1]
APBPrescTable           0x0800b9ac    0x8  Data  Gb  system_stm32f1xx.o [1]
BufferTX                0x2000134c    0x4  Data  Gb  HMC83x.o [1]
BusFault_Handler        0x0800b53f    0x2  Code  Gb  stm32f1xx_it.o [1]
CSTACK$$Base            0x20000100          --   Gb  - Linker created -
CSTACK$$Limit           0x20000900          --   Gb  - Linker created -
CUSTOM_HID_DeInit_FS    0x0800b629    0x4  Code  Lc  usbd_custom_hid_if.o [1]
CUSTOM_HID_Init_FS      0x0800b625    0x4  Code  Lc  usbd_custom_hid_if.o [1]
CUSTOM_HID_OutEvent_FS  0x0800b62d   0xa6  Code  Lc  usbd_custom_hid_if.o [1]
CUSTOM_HID_ReportDesc_FS
                        0x20000010   0x24  Data  Lc  usbd_custom_hid_if.o [1]
DebugMon_Handler        0x0800b545    0x2  Code  Gb  stm32f1xx_it.o [1]
En                      0x080098b1   0x36  Code  Gb  HMC83x.o [1]
Error_Handler           0x08008a15    0x2  Code  Gb  main.o [1]
FLASH_MassErase         0x08009b9d   0x22  Code  Lc  stm32f1xx_hal_flash_ex.o [1]
FLASH_PageErase         0x08009bbf   0x24  Code  Gb  stm32f1xx_hal_flash_ex.o [1]
FLASH_Program_HalfWord  0x08009a07   0x16  Code  Lc  stm32f1xx_hal_flash.o [1]
FLASH_SetErrorCode      0x08009a79   0x50  Code  Lc  stm32f1xx_hal_flash.o [1]
FLASH_WaitForLastOperation
                        0x08009a1d   0x5c  Code  Gb  stm32f1xx_hal_flash.o [1]
FS_Desc                 0x200000c4   0x1c  Data  Gb  usbd_desc.o [1]
HAL_Delay               0x08006b35   0x1a  Code  Wk  stm32f1xx_hal.o [1]
HAL_FLASHEx_Erase       0x08009ae9   0xb4  Code  Gb  stm32f1xx_hal_flash_ex.o [1]
HAL_FLASH_Lock          0x080099f7   0x10  Code  Gb  stm32f1xx_hal_flash.o [1]
HAL_FLASH_Program       0x08009929   0xb2  Code  Gb  stm32f1xx_hal_flash.o [1]
HAL_FLASH_Unlock        0x080099db   0x1c  Code  Gb  stm32f1xx_hal_flash.o [1]
HAL_GPIO_Init           0x08006ed5  0x1b6  Code  Gb  stm32f1xx_hal_gpio.o [1]
HAL_GPIO_WritePin       0x0800708b   0x14  Code  Gb  stm32f1xx_hal_gpio.o [1]
HAL_GetTick             0x08006b2f    0x6  Code  Wk  stm32f1xx_hal.o [1]
HAL_IWDG_Init           0x08009ce9   0x64  Code  Gb  stm32f1xx_hal_iwdg.o [1]
HAL_IWDG_MspInit        0x08009d4d    0x2  Code  Wk  stm32f1xx_hal_iwdg.o [1]
HAL_IWDG_Start          0x08009d4f   0x2e  Code  Gb  stm32f1xx_hal_iwdg.o [1]
HAL_IncTick             0x08006b23    0xc  Code  Wk  stm32f1xx_hal.o [1]
HAL_Init                0x08006add   0x22  Code  Gb  stm32f1xx_hal.o [1]
HAL_InitTick            0x08006aff   0x24  Code  Wk  stm32f1xx_hal.o [1]
HAL_MspInit             0x08006d95   0x86  Code  Gb  stm32f1xx_hal_msp.o [1]
HAL_NVIC_EnableIRQ      0x08006d37    0xa  Code  Gb  stm32f1xx_hal_cortex.o [1]
HAL_NVIC_SetPriority    0x08006d15   0x22  Code  Gb  stm32f1xx_hal_cortex.o [1]
HAL_NVIC_SetPriorityGrouping
                        0x08006d0d    0x8  Code  Gb  stm32f1xx_hal_cortex.o [1]
HAL_PCDEx_PMAConfig     0x08008a17   0x42  Code  Gb  stm32f1xx_hal_pcd_ex.o [1]
HAL_PCDEx_SetConnectionState
                        0x080085ab    0x2  Code  Gb  usbd_conf.o [1]
HAL_PCD_DataInStageCallback
                        0x080083e1   0x16  Code  Gb  usbd_conf.o [1]
HAL_PCD_DataOutStageCallback
                        0x080083c9   0x18  Code  Gb  usbd_conf.o [1]
HAL_PCD_EP_Close        0x08007d9b   0x58  Code  Gb  stm32f1xx_hal_pcd.o [1]
HAL_PCD_EP_ClrStall     0x08007f11   0x58  Code  Gb  stm32f1xx_hal_pcd.o [1]
HAL_PCD_EP_Open         0x08007d39   0x62  Code  Gb  stm32f1xx_hal_pcd.o [1]
HAL_PCD_EP_Receive      0x08007df3   0x5a  Code  Gb  stm32f1xx_hal_pcd.o [1]
HAL_PCD_EP_SetStall     0x08007ea5   0x6c  Code  Gb  stm32f1xx_hal_pcd.o [1]
HAL_PCD_EP_Transmit     0x08007e4d   0x58  Code  Gb  stm32f1xx_hal_pcd.o [1]
HAL_PCD_IRQHandler      0x08007bcb  0x142  Code  Gb  stm32f1xx_hal_pcd.o [1]
HAL_PCD_Init            0x08007a91  0x106  Code  Gb  stm32f1xx_hal_pcd.o [1]
HAL_PCD_MspInit         0x08008375   0x44  Code  Gb  usbd_conf.o [1]
HAL_PCD_ResetCallback   0x08008403   0x26  Code  Gb  usbd_conf.o [1]
HAL_PCD_ResumeCallback  0x08008449    0xc  Code  Gb  usbd_conf.o [1]
HAL_PCD_SOFCallback     0x080083f7    0xc  Code  Gb  usbd_conf.o [1]
HAL_PCD_SetAddress      0x08007d0d   0x2c  Code  Gb  stm32f1xx_hal_pcd.o [1]
HAL_PCD_SetupStageCallback
                        0x080083b9   0x10  Code  Gb  usbd_conf.o [1]
HAL_PCD_Start           0x08007b97   0x34  Code  Gb  stm32f1xx_hal_pcd.o [1]
HAL_PCD_SuspendCallback
                        0x08008429   0x20  Code  Gb  usbd_conf.o [1]
HAL_PWR_EnableBkUpAccess
                        0x0800a435   0x12  Code  Gb  stm32f1xx_hal_pwr.o [1]
HAL_RCCEx_GetPeriphCLKFreq
                        0x08009ea3  0x100  Code  Gb  stm32f1xx_hal_rcc_ex.o [1]
HAL_RCCEx_PeriphCLKConfig
                        0x08009d7d  0x126  Code  Gb  stm32f1xx_hal_rcc_ex.o [1]
HAL_RCC_ClockConfig     0x080067d7  0x226  Code  Gb  stm32f1xx_hal_rcc.o [1]
HAL_RCC_GetHCLKFreq     0x08006a77    0x6  Code  Gb  stm32f1xx_hal_rcc.o [1]
HAL_RCC_GetPCLK2Freq    0x08006a7d   0x20  Code  Gb  stm32f1xx_hal_rcc.o [1]
HAL_RCC_GetSysClockFreq
                        0x080069fd   0x7a  Code  Gb  stm32f1xx_hal_rcc.o [1]
HAL_RCC_OscConfig       0x080060ed  0x6ea  Code  Gb  stm32f1xx_hal_rcc.o [1]
HAL_RTCEx_BKUPWrite     0x0800b6f5    0xe  Code  Gb  stm32f1xx_hal_rtc_ex.o [1]
HAL_RTC_Init            0x0800a2a5   0xe2  Code  Gb  stm32f1xx_hal_rtc.o [1]
HAL_RTC_MspInit         0x0800a387    0x2  Code  Wk  stm32f1xx_hal_rtc.o [1]
HAL_RTC_WaitForSynchro  0x0800a391   0x3c  Code  Gb  stm32f1xx_hal_rtc.o [1]
HAL_SPI_Init            0x08009fd1   0x8c  Code  Gb  stm32f1xx_hal_spi_ex.o [1]
HAL_SPI_MspInit         0x08006e1b   0x9e  Code  Gb  stm32f1xx_hal_msp.o [1]
HAL_SPI_Receive         0x0800a615  0x242  Code  Gb  stm32f1xx_hal_spi.o [1]
HAL_SPI_Transmit        0x0800a44d  0x1c8  Code  Gb  stm32f1xx_hal_spi.o [1]
HAL_SPI_TransmitReceive
                        0x0800a857  0x34a  Code  Gb  stm32f1xx_hal_spi.o [1]
HAL_SYSTICK_CLKSourceConfig
                        0x08006d49   0x20  Code  Gb  stm32f1xx_hal_cortex.o [1]
HAL_SYSTICK_Callback    0x08006d91    0x2  Code  Wk  stm32f1xx_hal_cortex.o [1]
HAL_SYSTICK_Config      0x08006d41    0x8  Code  Gb  stm32f1xx_hal_cortex.o [1]
HAL_SYSTICK_IRQHandler  0x08006d89    0x8  Code  Gb  stm32f1xx_hal_cortex.o [1]
HAL_TIMEx_BreakCallback
                        0x0800b353    0x2  Code  Wk  stm32f1xx_hal_tim_ex.o [1]
HAL_TIMEx_CommutationCallback
                        0x0800b351    0x2  Code  Wk  stm32f1xx_hal_tim_ex.o [1]
HAL_TIM_Base_Init       0x0800a065   0x38  Code  Gb  stm32f1xx_hal_tim.o [1]
HAL_TIM_Base_MspInit    0x0800a09d    0x2  Code  Wk  stm32f1xx_hal_tim.o [1]
HAL_TIM_Base_Start_IT   0x0800a09f   0x1c  Code  Gb  stm32f1xx_hal_tim.o [1]
HAL_TIM_IC_CaptureCallback
                        0x0800a235    0x2  Code  Wk  stm32f1xx_hal_tim.o [1]
HAL_TIM_IRQHandler      0x0800a0bb  0x176  Code  Gb  stm32f1xx_hal_tim.o [1]
HAL_TIM_OC_DelayElapsedCallback
                        0x0800a233    0x2  Code  Wk  stm32f1xx_hal_tim.o [1]
HAL_TIM_PWM_PulseFinishedCallback
                        0x0800a237    0x2  Code  Wk  stm32f1xx_hal_tim.o [1]
HAL_TIM_PeriodElapsedCallback
                        0x0800a231    0x2  Code  Wk  stm32f1xx_hal_tim.o [1]
HAL_TIM_TriggerCallback
                        0x0800a239    0x2  Code  Wk  stm32f1xx_hal_tim.o [1]
HMC83x_read             0x080094ed   0x7a  Code  Gb  HMC83x.o [1]
HMC83x_write            0x08009465   0x88  Code  Gb  HMC83x.o [1]
HardFault_Handler       0x0800b53b    0x2  Code  Gb  stm32f1xx_it.o [1]
InitAll                 0x080090d1   0x32  Code  Gb  Init.o [1]
Led                     0x080088f7   0x24  Code  Gb  main.o [1]
MX_GPIO_Init            0x08009239   0x94  Code  Gb  Init.o [1]
MX_IWDG_Init            0x080093b3   0x26  Code  Lc  Init.o [1]
MX_SPI1_Init            0x0800917d   0x66  Code  Gb  Init.o [1]
MX_SPI2_Init            0x080091e3   0x56  Code  Gb  Init.o [1]
MX_TIM3_Init            0x080092cd   0x72  Code  Gb  Init.o [1]
MX_USB_DEVICE_Init      0x08009cb5   0x34  Code  Gb  usb_device.o [1]
MemManage_Handler       0x0800b53d    0x2  Code  Gb  stm32f1xx_it.o [1]
NMI_Handler             0x0800b539    0x2  Code  Gb  stm32f1xx_it.o [1]
NVIC_EnableIRQ          0x08006c6b   0x14  Code  Lc  stm32f1xx_hal_cortex.o [1]
NVIC_EncodePriority     0x08006ca1   0x3e  Code  Lc  stm32f1xx_hal_cortex.o [1]
NVIC_GetPriorityGrouping
                        0x08006c61    0xa  Code  Lc  stm32f1xx_hal_cortex.o [1]
NVIC_SetPriority        0x08006c7f   0x22  Code  Lc  stm32f1xx_hal_cortex.o [1]
NVIC_SetPriorityGrouping
                        0x08006c45   0x1c  Code  Lc  stm32f1xx_hal_cortex.o [1]
PCD_EP_ISR_Handler      0x08007f69  0x40a  Code  Lc  stm32f1xx_hal_pcd.o [1]
PendSV_Handler          0x0800b547    0x2  Code  Gb  stm32f1xx_it.o [1]
R                       0x20000004    0x4  Data  Gb  HMC83x.o [1]
RTC_Config              0x08009367   0x4c  Code  Gb  Init.o [1]
RTC_EnterInitMode       0x0800a3cd   0x34  Code  Lc  stm32f1xx_hal_rtc.o [1]
RTC_ExitInitMode        0x0800a401   0x34  Code  Lc  stm32f1xx_hal_rtc.o [1]
ReadAtt                 0x08009445   0x18  Code  Gb  HMC625.o [1]
ReadParam               0x08008981   0x68  Code  Gb  main.o [1]
Region$$Table$$Base     0x0800b8a0          --   Gb  - Linker created -
Region$$Table$$Limit    0x0800b8c0          --   Gb  - Linker created -
RtcHandle               0x20001328   0x14  Data  Gb  Init.o [1]
SPI_ISCRCErrorValid     0x0800a061    0x4  Code  Gb  stm32f1xx_hal_spi_ex.o [1]
SPI_WaitOnFlagUntilTimeout
                        0x0800aba1   0xf0  Code  Lc  stm32f1xx_hal_spi.o [1]
SVC_Handler             0x0800b543    0x2  Code  Gb  stm32f1xx_it.o [1]
SetAtt                  0x08009419   0x2c  Code  Gb  HMC625.o [1]
SetFreq                 0x08009567  0x34a  Code  Gb  HMC83x.o [1]
SysTick_Config          0x08006cdf   0x2e  Code  Lc  stm32f1xx_hal_cortex.o [1]
SysTick_Handler         0x0800b549    0xc  Code  Gb  stm32f1xx_it.o [1]
SystemClock_Config      0x08009103   0x7a  Code  Gb  Init.o [1]
SystemCoreClock         0x2000000c    0x4  Data  Gb  system_stm32f1xx.o [1]
SystemInit              0x0800b7d1   0x4c  Code  Gb  system_stm32f1xx.o [1]
TIM3_IRQHandler         0x0800b569   0x6a  Code  Gb  stm32f1xx_it.o [1]
TIM_Base_SetConfig      0x0800a23b   0x5e  Code  Gb  stm32f1xx_hal_tim.o [1]
TimHandle               0x200012cc   0x3c  Data  Gb  Init.o [1]
USBD_CUSTOM_HID         0x20000044   0x3c  Data  Gb  usbd_customhid.o [1]
USBD_CUSTOM_HID_CfgDesc
                        0x20000080   0x2c  Data  Lc  usbd_customhid.o [1]
USBD_CUSTOM_HID_DataIn  0x0800b2d3    0xe  Code  Lc  usbd_customhid.o [1]
USBD_CUSTOM_HID_DataOut
                        0x0800b2e1   0x24  Code  Lc  usbd_customhid.o [1]
USBD_CUSTOM_HID_DeInit  0x0800b18d   0x36  Code  Lc  usbd_customhid.o [1]
USBD_CUSTOM_HID_Desc    0x200000ac    0xc  Data  Lc  usbd_customhid.o [1]
USBD_CUSTOM_HID_DeviceQualifierDesc
                        0x200000b8    0xc  Data  Lc  usbd_customhid.o [1]
USBD_CUSTOM_HID_EP0_RxReady
                        0x0800b305   0x22  Code  Lc  usbd_customhid.o [1]
USBD_CUSTOM_HID_GetCfgDesc
                        0x0800b2cb    0x8  Code  Lc  usbd_customhid.o [1]
USBD_CUSTOM_HID_GetDeviceQualifierDesc
                        0x0800b327    0x8  Code  Lc  usbd_customhid.o [1]
USBD_CUSTOM_HID_Init    0x0800b135   0x58  Code  Lc  usbd_customhid.o [1]
USBD_CUSTOM_HID_RegisterInterface
                        0x0800b33d   0x12  Code  Gb  usbd_customhid.o [1]
USBD_CUSTOM_HID_SendReport
                        0x0800b29f   0x2c  Code  Gb  usbd_customhid.o [1]
USBD_CUSTOM_HID_Setup   0x0800b1c3   0xdc  Code  Lc  usbd_customhid.o [1]
USBD_ClrClassConfig     0x08008623   0x10  Code  Gb  usbd_core.o [1]
USBD_ClrFeature         0x08008f71   0x34  Code  Lc  usbd_ctlreq.o [1]
USBD_CtlContinueRx      0x08009093   0x12  Code  Gb  usbd_ioreq.o [1]
USBD_CtlContinueSendData
                        0x0800905d   0x12  Code  Gb  usbd_ioreq.o [1]
USBD_CtlError           0x08008fcd   0x16  Code  Gb  usbd_ctlreq.o [1]
USBD_CtlPrepareRx       0x0800906f   0x24  Code  Gb  usbd_ioreq.o [1]
USBD_CtlReceiveStatus   0x080090bb   0x16  Code  Gb  usbd_ioreq.o [1]
USBD_CtlSendData        0x0800903d   0x20  Code  Gb  usbd_ioreq.o [1]
USBD_CtlSendStatus      0x080090a5   0x16  Code  Gb  usbd_ioreq.o [1]
USBD_CustomHID_fops_FS  0x20000034   0x10  Data  Gb  usbd_custom_hid_if.o [1]
USBD_FS_ConfigStrDescriptor
                        0x0800b76d   0x22  Code  Gb  usbd_desc.o [1]
USBD_FS_DeviceDesc      0x200000e0   0x14  Data  Gb  usbd_desc.o [1]
USBD_FS_DeviceDescriptor
                        0x0800b709    0x8  Code  Gb  usbd_desc.o [1]
USBD_FS_InterfaceStrDescriptor
                        0x0800b78f   0x22  Code  Gb  usbd_desc.o [1]
USBD_FS_LangIDStrDescriptor
                        0x0800b711    0x8  Code  Gb  usbd_desc.o [1]
USBD_FS_ManufacturerStrDescriptor
                        0x0800b73b   0x10  Code  Gb  usbd_desc.o [1]
USBD_FS_ProductStrDescriptor
                        0x0800b719   0x22  Code  Gb  usbd_desc.o [1]
USBD_FS_SerialStrDescriptor
                        0x0800b74b   0x22  Code  Gb  usbd_desc.o [1]
USBD_GetConfig          0x08008ee1   0x3c  Code  Lc  usbd_ctlreq.o [1]
USBD_GetDescriptor      0x08008c57  0x154  Code  Lc  usbd_ctlreq.o [1]
USBD_GetLen             0x08009029   0x14  Code  Lc  usbd_ctlreq.o [1]
USBD_GetStatus          0x08008f1d   0x32  Code  Lc  usbd_ctlreq.o [1]
USBD_GetString          0x08008fe3   0x46  Code  Gb  usbd_ctlreq.o [1]
USBD_Init               0x080085ad   0x30  Code  Gb  usbd_core.o [1]
USBD_LL_ClearStallEP    0x08008521   0x10  Code  Gb  usbd_conf.o [1]
USBD_LL_CloseEP         0x08008501   0x10  Code  Gb  usbd_conf.o [1]
USBD_LL_DataInStage     0x08008723   0xdc  Code  Gb  usbd_core.o [1]
USBD_LL_DataOutStage    0x08008699   0x8a  Code  Gb  usbd_core.o [1]
USBD_LL_Init            0x08008455   0x84  Code  Gb  usbd_conf.o [1]
USBD_LL_IsStallEP       0x08008531   0x2a  Code  Gb  usbd_conf.o [1]
USBD_LL_OpenEP          0x080084e7   0x1a  Code  Gb  usbd_conf.o [1]
USBD_LL_PrepareReceive  0x0800857d   0x12  Code  Gb  usbd_conf.o [1]
USBD_LL_Reset           0x080087ff   0x46  Code  Gb  usbd_core.o [1]
USBD_LL_Resume          0x0800885d    0xc  Code  Gb  usbd_core.o [1]
USBD_LL_SOF             0x08008869   0x20  Code  Gb  usbd_core.o [1]
USBD_LL_SetSpeed        0x08008845    0x6  Code  Gb  usbd_core.o [1]
USBD_LL_SetUSBAddress   0x0800855b   0x10  Code  Gb  usbd_conf.o [1]
USBD_LL_SetupStage      0x08008633   0x66  Code  Gb  usbd_core.o [1]
USBD_LL_StallEP         0x08008511   0x10  Code  Gb  usbd_conf.o [1]
USBD_LL_Start           0x080084d9    0xe  Code  Gb  usbd_conf.o [1]
USBD_LL_Suspend         0x0800884b   0x12  Code  Gb  usbd_core.o [1]
USBD_LL_Transmit        0x0800856b   0x12  Code  Gb  usbd_conf.o [1]
USBD_LangIDDesc         0x200000f4    0x4  Data  Gb  usbd_desc.o [1]
USBD_ParseSetupRequest  0x08008fa5   0x28  Code  Gb  usbd_ctlreq.o [1]
USBD_RegisterClass      0x080085dd   0x16  Code  Gb  usbd_core.o [1]
USBD_RunTestMode        0x080085fd    0x4  Code  Gb  usbd_core.o [1]
USBD_SetAddress         0x08008dab   0x58  Code  Lc  usbd_ctlreq.o [1]
USBD_SetClassConfig     0x08008601   0x22  Code  Gb  usbd_core.o [1]
USBD_SetConfig          0x08008e03   0xda  Code  Lc  usbd_ctlreq.o [1]
USBD_SetFeature         0x08008f4f   0x22  Code  Lc  usbd_ctlreq.o [1]
USBD_Start              0x080085f3    0xa  Code  Gb  usbd_core.o [1]
USBD_StdDevReq          0x08008a59   0x58  Code  Gb  usbd_ctlreq.o [1]
USBD_StdEPReq           0x08008afd  0x15a  Code  Gb  usbd_ctlreq.o [1]
USBD_StdItfReq          0x08008ab1   0x4c  Code  Gb  usbd_ctlreq.o [1]
USBD_StrDesc            0x20000f44  0x200  Data  Gb  usbd_desc.o [1]
USBD_static_free        0x080085a9    0x2  Code  Gb  usbd_conf.o [1]
USBD_static_malloc      0x0800858f    0x4  Code  Gb  usbd_conf.o [1]
USBWakeUp_IRQHandler    0x0800b5d3    0xa  Code  Gb  stm32f1xx_it.o [1]
USB_ActivateEndpoint    0x08007137  0x340  Code  Gb  stm32f1xx_ll_usb.o [1]
USB_CoreInit            0x080070e1    0x8  Code  Gb  stm32f1xx_ll_usb.o [1]
USB_DeactivateEndpoint  0x08007477  0x1c4  Code  Gb  stm32f1xx_ll_usb.o [1]
USB_DevConnect          0x08007a13    0x4  Code  Gb  stm32f1xx_ll_usb.o [1]
USB_DevDisconnect       0x08007a17    0x4  Code  Gb  stm32f1xx_ll_usb.o [1]
USB_DevInit             0x08007117   0x20  Code  Gb  stm32f1xx_ll_usb.o [1]
USB_DisableGlobalInt    0x080070fd   0x16  Code  Gb  stm32f1xx_ll_usb.o [1]
USB_EP0_OutStart        0x08007a25    0x4  Code  Gb  stm32f1xx_ll_usb.o [1]
USB_EPClearStall        0x0800796b   0x98  Code  Gb  stm32f1xx_ll_usb.o [1]
USB_EPSetStall          0x080078f9   0x72  Code  Gb  stm32f1xx_ll_usb.o [1]
USB_EPStartXfer         0x0800763b  0x2be  Code  Gb  stm32f1xx_ll_usb.o [1]
USB_EnableGlobalInt     0x080070e9   0x14  Code  Gb  stm32f1xx_ll_usb.o [1]
USB_HP_CAN1_TX_IRQHandler
                        0x0800b555    0xa  Code  Gb  stm32f1xx_it.o [1]
USB_LP_CAN1_RX0_IRQHandler
                        0x0800b55f    0xa  Code  Gb  stm32f1xx_it.o [1]
USB_ReadInterrupts      0x08007a1b    0xa  Code  Gb  stm32f1xx_ll_usb.o [1]
USB_ReadPMA             0x08007a63   0x2e  Code  Gb  stm32f1xx_ll_usb.o [1]
USB_Reconnect           0x0800933f   0x28  Code  Gb  Init.o [1]
USB_SetCurrentMode      0x08007113    0x4  Code  Gb  stm32f1xx_ll_usb.o [1]
USB_SetDevAddress       0x08007a03   0x10  Code  Gb  stm32f1xx_ll_usb.o [1]
USB_WritePMA            0x08007a29   0x3a  Code  Gb  stm32f1xx_ll_usb.o [1]
UsageFault_Handler      0x0800b541    0x2  Code  Gb  stm32f1xx_it.o [1]
WriteParam              0x0800891b   0x66  Code  Gb  main.o [1]
XTAL                    0x20000000    0x4  Data  Gb  HMC83x.o [1]
__aeabi_cfcmple         0x08009c6d         Code  Gb  FltCmpLe.o [4]
__aeabi_cfrcmple        0x08009c91         Code  Gb  FltCmpGe.o [4]
__aeabi_d2iz            0x0800b0c9         Code  Gb  DblToI32.o [4]
__aeabi_dadd            0x0800afe1         Code  Gb  DblAdd.o [4]
__aeabi_f2d             0x0800af91         Code  Gb  FltToDbl.o [4]
__aeabi_f2iz            0x0800ae65         Code  Gb  FltToS32.o [4]
__aeabi_f2ulz           0x08009bf1         Code  Gb  FltToU64.o [4]
__aeabi_fdiv            0x0800ad69         Code  Gb  FltDiv.o [4]
__aeabi_fmul            0x0800ac91         Code  Gb  FltMul.o [4]
__aeabi_fsub            0x0800aea9         Code  Gb  FltSub.o [4]
__aeabi_i2f             0x08009c39         Code  Gb  I32ToFlt.o [4]
__aeabi_llsr            0x0800b115         Code  Gb  U64Shr.o [5]
__aeabi_ui2f            0x08009c4d         Code  Gb  I32ToFlt.o [4]
__checksum              0x0800fbfc    0x4  Data  Gb  Place holder __checksum
__checksum_begin {Abs}  0x08006000          --   Gb  command line/config [2]
__checksum_end {Abs}    0x0800fbfc          --   Gb  command line/config [2]
__cmain                 0x0800b8e1         Code  Gb  cmain.o [5]
__exit                  0x0800b911   0x14  Code  Gb  exit.o [6]
__iar_d2uiz             0x0800b0f5         Code  Gb  DblToI32.o [4]
__iar_dadd              0x0800aff5         Code  Gb  DblAdd.o [4]
__iar_data_init3        0x0800b879   0x28  Code  Gb  data_init.o [5]
__iar_dsub              0x0800b3cd         Code  Gb  DblSub.o [4]
__iar_dsubStart         0x0800b3df         Code  Gb  DblSub.o [4]
__iar_fadd              0x0800b359         Code  Gb  FltAdd.o [4]
__iar_fsub              0x0800aeb9         Code  Gb  FltSub.o [4]
__iar_fsubStart         0x0800aec9         Code  Gb  FltSub.o [4]
__iar_lz77_init_single3
                        0x08006bcf   0x76  Code  Gb  lz77_init_single.o [5]
__iar_program_start     0x0800b9a1         Code  Gb  cstartup_M.o [5]
__iar_ui2f              0x08009c51         Code  Gb  I32ToFlt.o [4]
__iar_unaligned___aeabi_memcpy
                        0x08006b59         Code  Gb  ABImemcpy_unaligned.o [5]
__iar_unaligned___aeabi_memcpy4
                        0x08006b79         Code  Gb  ABImemcpy_unaligned.o [5]
__iar_unaligned___aeabi_memcpy8
                        0x08006b79         Code  Gb  ABImemcpy_unaligned.o [5]
__iar_zero_init3        0x0800b839   0x40  Code  Gb  zero_init3.o [5]
__low_level_init        0x0800b8fb    0x4  Code  Gb  low_level_init.o [3]
__vector_table          0x08006000         Data  Gb  startup_stm32f103xb.o [1]
_call_main              0x0800b8ed         Code  Gb  cmain.o [5]
_exit                   0x0800b905         Code  Gb  cexit.o [5]
_main                   0x0800b8f7         Code  Gb  cmain.o [5]
att                     0x20001354    0x4  Data  Gb  main.o [1]
dataToReceive           0x2000128c   0x40  Data  Gb  usbd_custom_hid_if.o [1]
dataToSend              0x2000124c   0x40  Data  Gb  main.o [1]
enable                  0x20001358    0x4  Data  Gb  main.o [1]
exit                    0x0800b8ff    0x4  Code  Gb  exit.o [3]
freq                    0x20000008    0x4  Data  Gb  main.o [1]
hUsbDeviceFS            0x20000d20  0x224  Data  Gb  usb_device.o [1]
hiwdg                   0x2000133c   0x10  Data  Gb  Init.o [1]
hpcd_USB_FS             0x20000900  0x420  Data  Gb  usbd_conf.o [1]
hspi1                   0x20001144   0x58  Data  Gb  Init.o [1]
hspi2                   0x2000119c   0x58  Data  Gb  Init.o [1]
main                    0x08008889   0x6e  Code  Gb  main.o [1]
pFlash                  0x20001308   0x20  Data  Gb  stm32f1xx_hal_flash.o [1]
subversion              0x200000f9    0x1  Data  Gb  main.o [1]
uCRCErrorWorkaroundCheck
                        0x20001360    0x1  Data  Gb  stm32f1xx_hal_spi_ex.o [1]
uwPrescalerValue        0x20001350    0x4  Data  Gb  Init.o [1]
uwTick                  0x2000135c    0x4  Data  Lc  stm32f1xx_hal.o [1]
version                 0x200000f8    0x1  Data  Gb  main.o [1]


[1] = C:\Projects\IAR\usb_gen_v2_stm32\EWARM\usb_gen_v2_stm32\Obj
[2] = command line
[3] = dl7M_tlf.a
[4] = m7M_tl.a
[5] = rt7M_tl.a
[6] = shb_l.a

  22 936 bytes of readonly  code memory
     395 bytes of readonly  data memory
   4 956 bytes of readwrite data memory

Errors: none
Warnings: none
